Archive member included to satisfy reference by file (symbol)

c:/st/stm32cubeide_1.6.1/stm32cubeide/plugins/com.st.stm32cube.ide.mcu.externaltools.gnu-tools-for-stm32.9-2020-q2-update.win32_1.5.0.202011040924/tools/bin/../lib/gcc/arm-none-eabi/9.3.1/../../../../arm-none-eabi/lib/thumb/v6-m/nofp\libc_nano.a(lib_a-errno.o)
                              Core/Src/syscalls.o (__errno)
c:/st/stm32cubeide_1.6.1/stm32cubeide/plugins/com.st.stm32cube.ide.mcu.externaltools.gnu-tools-for-stm32.9-2020-q2-update.win32_1.5.0.202011040924/tools/bin/../lib/gcc/arm-none-eabi/9.3.1/../../../../arm-none-eabi/lib/thumb/v6-m/nofp\libc_nano.a(lib_a-exit.o)
                              c:/st/stm32cubeide_1.6.1/stm32cubeide/plugins/com.st.stm32cube.ide.mcu.externaltools.gnu-tools-for-stm32.9-2020-q2-update.win32_1.5.0.202011040924/tools/bin/../lib/gcc/arm-none-eabi/9.3.1/../../../../arm-none-eabi/lib/thumb/v6-m/nofp/crt0.o (exit)
c:/st/stm32cubeide_1.6.1/stm32cubeide/plugins/com.st.stm32cube.ide.mcu.externaltools.gnu-tools-for-stm32.9-2020-q2-update.win32_1.5.0.202011040924/tools/bin/../lib/gcc/arm-none-eabi/9.3.1/../../../../arm-none-eabi/lib/thumb/v6-m/nofp\libc_nano.a(lib_a-impure.o)
                              c:/st/stm32cubeide_1.6.1/stm32cubeide/plugins/com.st.stm32cube.ide.mcu.externaltools.gnu-tools-for-stm32.9-2020-q2-update.win32_1.5.0.202011040924/tools/bin/../lib/gcc/arm-none-eabi/9.3.1/../../../../arm-none-eabi/lib/thumb/v6-m/nofp\libc_nano.a(lib_a-exit.o) (_global_impure_ptr)
c:/st/stm32cubeide_1.6.1/stm32cubeide/plugins/com.st.stm32cube.ide.mcu.externaltools.gnu-tools-for-stm32.9-2020-q2-update.win32_1.5.0.202011040924/tools/bin/../lib/gcc/arm-none-eabi/9.3.1/../../../../arm-none-eabi/lib/thumb/v6-m/nofp\libc_nano.a(lib_a-init.o)
                              c:/st/stm32cubeide_1.6.1/stm32cubeide/plugins/com.st.stm32cube.ide.mcu.externaltools.gnu-tools-for-stm32.9-2020-q2-update.win32_1.5.0.202011040924/tools/bin/../lib/gcc/arm-none-eabi/9.3.1/../../../../arm-none-eabi/lib/thumb/v6-m/nofp/crt0.o (__libc_init_array)
c:/st/stm32cubeide_1.6.1/stm32cubeide/plugins/com.st.stm32cube.ide.mcu.externaltools.gnu-tools-for-stm32.9-2020-q2-update.win32_1.5.0.202011040924/tools/bin/../lib/gcc/arm-none-eabi/9.3.1/../../../../arm-none-eabi/lib/thumb/v6-m/nofp\libc_nano.a(lib_a-memset.o)
                              c:/st/stm32cubeide_1.6.1/stm32cubeide/plugins/com.st.stm32cube.ide.mcu.externaltools.gnu-tools-for-stm32.9-2020-q2-update.win32_1.5.0.202011040924/tools/bin/../lib/gcc/arm-none-eabi/9.3.1/../../../../arm-none-eabi/lib/thumb/v6-m/nofp/crt0.o (memset)
c:/st/stm32cubeide_1.6.1/stm32cubeide/plugins/com.st.stm32cube.ide.mcu.externaltools.gnu-tools-for-stm32.9-2020-q2-update.win32_1.5.0.202011040924/tools/bin/../lib/gcc/arm-none-eabi/9.3.1/thumb/v6-m/nofp\libgcc.a(_thumb1_case_si.o)
                              Drivers/STM32F0xx_HAL_Driver/Src/stm32f0xx_hal_dma.o (__gnu_thumb1_case_si)
c:/st/stm32cubeide_1.6.1/stm32cubeide/plugins/com.st.stm32cube.ide.mcu.externaltools.gnu-tools-for-stm32.9-2020-q2-update.win32_1.5.0.202011040924/tools/bin/../lib/gcc/arm-none-eabi/9.3.1/thumb/v6-m/nofp\libgcc.a(_udivsi3.o)
                              Core/Src/system_stm32f0xx.o (__aeabi_uidiv)
c:/st/stm32cubeide_1.6.1/stm32cubeide/plugins/com.st.stm32cube.ide.mcu.externaltools.gnu-tools-for-stm32.9-2020-q2-update.win32_1.5.0.202011040924/tools/bin/../lib/gcc/arm-none-eabi/9.3.1/thumb/v6-m/nofp\libgcc.a(_dvmd_tls.o)
                              c:/st/stm32cubeide_1.6.1/stm32cubeide/plugins/com.st.stm32cube.ide.mcu.externaltools.gnu-tools-for-stm32.9-2020-q2-update.win32_1.5.0.202011040924/tools/bin/../lib/gcc/arm-none-eabi/9.3.1/thumb/v6-m/nofp\libgcc.a(_udivsi3.o) (__aeabi_idiv0)

Allocating common symbols
Common symbol       size              file

gu32FirmwareAbsPosition
                    0x4               Core/Src/image_info.o
uwTick              0x4               Drivers/STM32F0xx_HAL_Driver/Src/stm32f0xx_hal.o
pFlash              0x20              Drivers/STM32F0xx_HAL_Driver/Src/stm32f0xx_hal_flash.o
gu32FirmwareAbsOffsetChecksum
                    0x4               Core/Src/image_info.o
gu32FirmwareOffset  0x4               Core/Src/image_info.o
htim16              0x48              Core/Src/main.o

Discarded input sections

 .text          0x0000000000000000        0x0 c:/st/stm32cubeide_1.6.1/stm32cubeide/plugins/com.st.stm32cube.ide.mcu.externaltools.gnu-tools-for-stm32.9-2020-q2-update.win32_1.5.0.202011040924/tools/bin/../lib/gcc/arm-none-eabi/9.3.1/thumb/v6-m/nofp/crti.o
 .data          0x0000000000000000        0x0 c:/st/stm32cubeide_1.6.1/stm32cubeide/plugins/com.st.stm32cube.ide.mcu.externaltools.gnu-tools-for-stm32.9-2020-q2-update.win32_1.5.0.202011040924/tools/bin/../lib/gcc/arm-none-eabi/9.3.1/thumb/v6-m/nofp/crti.o
[...]
Memory Configuration

Name             Origin             Length             Attributes
RAM              0x0000000020000000 0x0000000000004000 xrw
FLASH            0x0000000008000000 0x0000000000020000 xr
*default*        0x0000000000000000 0xffffffffffffffff

Linker script and memory map

LOAD c:/st/stm32cubeide_1.6.1/stm32cubeide/plugins/com.st.stm32cube.ide.mcu.externaltools.gnu-tools-for-stm32.9-2020-q2-update.win32_1.5.0.202011040924/tools/bin/../lib/gcc/arm-none-eabi/9.3.1/thumb/v6-m/nofp/crti.o
LOAD c:/st/stm32cubeide_1.6.1/stm32cubeide/plugins/com.st.stm32cube.ide.mcu.externaltools.gnu-tools-for-stm32.9-2020-q2-update.win32_1.5.0.202011040924/tools/bin/../lib/gcc/arm-none-eabi/9.3.1/thumb/v6-m/nofp/crtbegin.o
LOAD c:/st/stm32cubeide_1.6.1/stm32cubeide/plugins/com.st.stm32cube.ide.mcu.externaltools.gnu-tools-for-stm32.9-2020-q2-update.win32_1.5.0.202011040924/tools/bin/../lib/gcc/arm-none-eabi/9.3.1/../../../../arm-none-eabi/lib/thumb/v6-m/nofp/crt0.o
LOAD Core/Src/image_info.o
LOAD Core/Src/main.o
LOAD Core/Src/stm32f0xx_hal_msp.o
LOAD Core/Src/stm32f0xx_it.o
LOAD Core/Src/syscalls.o
LOAD Core/Src/sysmem.o
LOAD Core/Src/system_stm32f0xx.o
LOAD Core/Startup/startup_stm32f070rbtx.o
LOAD Drivers/STM32F0xx_HAL_Driver/Src/stm32f0xx_hal.o
LOAD Drivers/STM32F0xx_HAL_Driver/Src/stm32f0xx_hal_cortex.o
LOAD Drivers/STM32F0xx_HAL_Driver/Src/stm32f0xx_hal_dma.o
LOAD Drivers/STM32F0xx_HAL_Driver/Src/stm32f0xx_hal_exti.o
LOAD Drivers/STM32F0xx_HAL_Driver/Src/stm32f0xx_hal_flash.o
LOAD Drivers/STM32F0xx_HAL_Driver/Src/stm32f0xx_hal_flash_ex.o
LOAD Drivers/STM32F0xx_HAL_Driver/Src/stm32f0xx_hal_gpio.o
LOAD Drivers/STM32F0xx_HAL_Driver/Src/stm32f0xx_hal_i2c.o
LOAD Drivers/STM32F0xx_HAL_Driver/Src/stm32f0xx_hal_i2c_ex.o
LOAD Drivers/STM32F0xx_HAL_Driver/Src/stm32f0xx_hal_pwr.o
LOAD Drivers/STM32F0xx_HAL_Driver/Src/stm32f0xx_hal_pwr_ex.o
LOAD Drivers/STM32F0xx_HAL_Driver/Src/stm32f0xx_hal_rcc.o
LOAD Drivers/STM32F0xx_HAL_Driver/Src/stm32f0xx_hal_rcc_ex.o
LOAD Drivers/STM32F0xx_HAL_Driver/Src/stm32f0xx_hal_tim.o
LOAD Drivers/STM32F0xx_HAL_Driver/Src/stm32f0xx_hal_tim_ex.o
START GROUP
LOAD c:/st/stm32cubeide_1.6.1/stm32cubeide/plugins/com.st.stm32cube.ide.mcu.externaltools.gnu-tools-for-stm32.9-2020-q2-update.win32_1.5.0.202011040924/tools/bin/../lib/gcc/arm-none-eabi/9.3.1/../../../../arm-none-eabi/lib/thumb/v6-m/nofp\libc_nano.a
LOAD c:/st/stm32cubeide_1.6.1/stm32cubeide/plugins/com.st.stm32cube.ide.mcu.externaltools.gnu-tools-for-stm32.9-2020-q2-update.win32_1.5.0.202011040924/tools/bin/../lib/gcc/arm-none-eabi/9.3.1/../../../../arm-none-eabi/lib/thumb/v6-m/nofp\libm.a
END GROUP
START GROUP
LOAD c:/st/stm32cubeide_1.6.1/stm32cubeide/plugins/com.st.stm32cube.ide.mcu.externaltools.gnu-tools-for-stm32.9-2020-q2-update.win32_1.5.0.202011040924/tools/bin/../lib/gcc/arm-none-eabi/9.3.1/thumb/v6-m/nofp\libgcc.a
LOAD c:/st/stm32cubeide_1.6.1/stm32cubeide/plugins/com.st.stm32cube.ide.mcu.externaltools.gnu-tools-for-stm32.9-2020-q2-update.win32_1.5.0.202011040924/tools/bin/../lib/gcc/arm-none-eabi/9.3.1/../../../../arm-none-eabi/lib/thumb/v6-m/nofp\libc_nano.a
END GROUP
START GROUP
LOAD c:/st/stm32cubeide_1.6.1/stm32cubeide/plugins/com.st.stm32cube.ide.mcu.externaltools.gnu-tools-for-stm32.9-2020-q2-update.win32_1.5.0.202011040924/tools/bin/../lib/gcc/arm-none-eabi/9.3.1/thumb/v6-m/nofp\libgcc.a
LOAD c:/st/stm32cubeide_1.6.1/stm32cubeide/plugins/com.st.stm32cube.ide.mcu.externaltools.gnu-tools-for-stm32.9-2020-q2-update.win32_1.5.0.202011040924/tools/bin/../lib/gcc/arm-none-eabi/9.3.1/../../../../arm-none-eabi/lib/thumb/v6-m/nofp\libc_nano.a
LOAD c:/st/stm32cubeide_1.6.1/stm32cubeide/plugins/com.st.stm32cube.ide.mcu.externaltools.gnu-tools-for-stm32.9-2020-q2-update.win32_1.5.0.202011040924/tools/bin/../lib/gcc/arm-none-eabi/9.3.1/../../../../arm-none-eabi/lib/thumb/v6-m/nofp\libnosys.a
END GROUP
START GROUP
LOAD c:/st/stm32cubeide_1.6.1/stm32cubeide/plugins/com.st.stm32cube.ide.mcu.externaltools.gnu-tools-for-stm32.9-2020-q2-update.win32_1.5.0.202011040924/tools/bin/../lib/gcc/arm-none-eabi/9.3.1/thumb/v6-m/nofp\libgcc.a
LOAD c:/st/stm32cubeide_1.6.1/stm32cubeide/plugins/com.st.stm32cube.ide.mcu.externaltools.gnu-tools-for-stm32.9-2020-q2-update.win32_1.5.0.202011040924/tools/bin/../lib/gcc/arm-none-eabi/9.3.1/../../../../arm-none-eabi/lib/thumb/v6-m/nofp\libc_nano.a
LOAD c:/st/stm32cubeide_1.6.1/stm32cubeide/plugins/com.st.stm32cube.ide.mcu.externaltools.gnu-tools-for-stm32.9-2020-q2-update.win32_1.5.0.202011040924/tools/bin/../lib/gcc/arm-none-eabi/9.3.1/../../../../arm-none-eabi/lib/thumb/v6-m/nofp\libnosys.a
END GROUP
LOAD c:/st/stm32cubeide_1.6.1/stm32cubeide/plugins/com.st.stm32cube.ide.mcu.externaltools.gnu-tools-for-stm32.9-2020-q2-update.win32_1.5.0.202011040924/tools/bin/../lib/gcc/arm-none-eabi/9.3.1/thumb/v6-m/nofp/crtend.o
LOAD c:/st/stm32cubeide_1.6.1/stm32cubeide/plugins/com.st.stm32cube.ide.mcu.externaltools.gnu-tools-for-stm32.9-2020-q2-update.win32_1.5.0.202011040924/tools/bin/../lib/gcc/arm-none-eabi/9.3.1/thumb/v6-m/nofp/crtn.o
                0x0000000020004000                _estack = (ORIGIN (RAM) + LENGTH (RAM))
                0x0000000000000200                _Min_Heap_Size = 0x200
                0x0000000000000400                _Min_Stack_Size = 0x400
                0x0000000020000000                __ram_begin = ORIGIN (RAM)
                0x0000000020004000                __ram_end = (ORIGIN (RAM) + LENGTH (RAM))
                0x0000000008000000                __flash_begin = ORIGIN (FLASH)
                0x0000000008020000                __flash_end = (ORIGIN (FLASH) + LENGTH (FLASH))

.isr_vector     0x0000000020000000       0xc0 load address 0x0000000008000000
                0x0000000020000000                . = ALIGN (0x100)
                0x0000000020000000                __ram_vector_table_begin = .
 *(.isr_vector)
 .isr_vector    0x0000000020000000       0xc0 Core/Startup/startup_stm32f070rbtx.o
                0x0000000020000000                g_pfnVectors
                0x00000000200000c0                __ram_vector_table_end = .
                0x00000000200000c0                . = ALIGN (0x4)
                0x0000000008000000                __flash_vector_table_begin = LOADADDR (.isr_vector)
                0x00000000080000c0                __flash_vector_table_end = ((__flash_vector_table_begin + __ram_vector_table_end) - __ram_vector_table_begin)

.got            0x00000000200000c0       0x20 load address 0x00000000080000c0
                0x00000000200000c0                . = ALIGN (0x4)
                0x00000000200000c0                __ram_global_offset_table_begin = .
 *(.got)
 .got           0x00000000200000c0       0x20 c:/st/stm32cubeide_1.6.1/stm32cubeide/plugins/com.st.stm32cube.ide.mcu.externaltools.gnu-tools-for-stm32.9-2020-q2-update.win32_1.5.0.202011040924/tools/bin/../lib/gcc/arm-none-eabi/9.3.1/thumb/v6-m/nofp/crtbegin.o
                0x00000000200000e0                __ram_global_offset_table_end = .
                0x00000000080000c0                __flash_global_offset_table_begin = LOADADDR (.got)
                0x00000000080000e0                __flash_global_offset_table_end = ((__flash_global_offset_table_begin + __ram_global_offset_table_end) - __ram_global_offset_table_begin)

.text           0x00000000080000e0     0x1b18
                0x00000000080000e0                . = ALIGN (0x4)
 *(.text)
 .text          0x00000000080000e0       0x48 c:/st/stm32cubeide_1.6.1/stm32cubeide/plugins/com.st.stm32cube.ide.mcu.externaltools.gnu-tools-for-stm32.9-2020-q2-update.win32_1.5.0.202011040924/tools/bin/../lib/gcc/arm-none-eabi/9.3.1/thumb/v6-m/nofp/crtbegin.o
 .text          0x0000000008000128      0x114 c:/st/stm32cubeide_1.6.1/stm32cubeide/plugins/com.st.stm32cube.ide.mcu.externaltools.gnu-tools-for-stm32.9-2020-q2-update.win32_1.5.0.202011040924/tools/bin/../lib/gcc/arm-none-eabi/9.3.1/thumb/v6-m/nofp\libgcc.a(_udivsi3.o)
                0x0000000008000128                __aeabi_uidiv
                0x0000000008000128                __udivsi3
                0x0000000008000234                __aeabi_uidivmod
 .text          0x000000000800023c        0x4 c:/st/stm32cubeide_1.6.1/stm32cubeide/plugins/com.st.stm32cube.ide.mcu.externaltools.gnu-tools-for-stm32.9-2020-q2-update.win32_1.5.0.202011040924/tools/bin/../lib/gcc/arm-none-eabi/9.3.1/thumb/v6-m/nofp\libgcc.a(_dvmd_tls.o)
                0x000000000800023c                __aeabi_idiv0
                0x000000000800023c                __aeabi_ldiv0
 *(.text*)
 .text.main     0x0000000008000240       0x2c Core/Src/main.o
                0x0000000008000240                main
 .text.SystemClock_Config
                0x000000000800026c       0x96 Core/Src/main.o
                0x000000000800026c                SystemClock_Config
 *fill*         0x0000000008000302        0x2 
 .text.MX_TIM16_Init
                0x0000000008000304       0x70 Core/Src/main.o
 .text.HAL_TIM_PeriodElapsedCallback
                0x0000000008000374       0x2c Core/Src/main.o
                0x0000000008000374                HAL_TIM_PeriodElapsedCallback
 .text.MX_GPIO_Init
                0x00000000080003a0       0xd4 Core/Src/main.o
 .text.Error_Handler
                0x0000000008000474        0xa Core/Src/main.o
                0x0000000008000474                Error_Handler
 *fill*         0x000000000800047e        0x2 
 .text.HAL_MspInit
                0x0000000008000480       0x48 Core/Src/stm32f0xx_hal_msp.o
                0x0000000008000480                HAL_MspInit
 .text.HAL_TIM_Base_MspInit
                0x00000000080004c8       0x50 Core/Src/stm32f0xx_hal_msp.o
                0x00000000080004c8                HAL_TIM_Base_MspInit
 .text.HAL_TIM_Base_MspDeInit
                0x0000000008000518       0x38 Core/Src/stm32f0xx_hal_msp.o
                0x0000000008000518                HAL_TIM_Base_MspDeInit
 .text.NMI_Handler
                0x0000000008000550        0x6 Core/Src/stm32f0xx_it.o
                0x0000000008000550                NMI_Handler
 .text.HardFault_Handler
                0x0000000008000556        0x6 Core/Src/stm32f0xx_it.o
                0x0000000008000556                HardFault_Handler
 .text.SVC_Handler
                0x000000000800055c        0xa Core/Src/stm32f0xx_it.o
                0x000000000800055c                SVC_Handler
 .text.PendSV_Handler
                0x0000000008000566        0xa Core/Src/stm32f0xx_it.o
                0x0000000008000566                PendSV_Handler
 .text.SysTick_Handler
                0x0000000008000570        0xe Core/Src/stm32f0xx_it.o
                0x0000000008000570                SysTick_Handler
 *fill*         0x000000000800057e        0x2 
 .text.TIM16_IRQHandler
                0x0000000008000580       0x1c Core/Src/stm32f0xx_it.o
                0x0000000008000580                TIM16_IRQHandler
 .text.SystemInit
                0x000000000800059c       0x34 Core/Src/system_stm32f0xx.o
                0x000000000800059c                SystemInit
 .text.Reset_Handler
                0x00000000080005d0      0x1a0 Core/Startup/startup_stm32f070rbtx.o
                0x00000000080005d0                Reset_Handler
 .text.Default_Handler
                0x0000000008000770        0x2 Core/Startup/startup_stm32f070rbtx.o
                0x0000000008000770                TIM1_CC_IRQHandler
                0x0000000008000770                TIM6_IRQHandler
                0x0000000008000770                I2C1_IRQHandler
                0x0000000008000770                SPI1_IRQHandler
                0x0000000008000770                USART3_4_IRQHandler
                0x0000000008000770                EXTI2_3_IRQHandler
                0x0000000008000770                ADC1_IRQHandler
                0x0000000008000770                I2C2_IRQHandler
                0x0000000008000770                TIM17_IRQHandler
                0x0000000008000770                RTC_IRQHandler
                0x0000000008000770                TIM3_IRQHandler
                0x0000000008000770                EXTI4_15_IRQHandler
                0x0000000008000770                RCC_IRQHandler
                0x0000000008000770                DMA1_Channel1_IRQHandler
                0x0000000008000770                Default_Handler
                0x0000000008000770                TIM14_IRQHandler
                0x0000000008000770                DMA1_Channel4_5_IRQHandler
                0x0000000008000770                TIM7_IRQHandler
                0x0000000008000770                TIM15_IRQHandler
                0x0000000008000770                EXTI0_1_IRQHandler
                0x0000000008000770                USB_IRQHandler
                0x0000000008000770                SPI2_IRQHandler
                0x0000000008000770                WWDG_IRQHandler
                0x0000000008000770                DMA1_Channel2_3_IRQHandler
                0x0000000008000770                USART2_IRQHandler
                0x0000000008000770                FLASH_IRQHandler
                0x0000000008000770                USART1_IRQHandler
                0x0000000008000770                TIM1_BRK_UP_TRG_COM_IRQHandler
 *fill*         0x0000000008000772        0x2 
 .text.HAL_Init
                0x0000000008000774       0x28 Drivers/STM32F0xx_HAL_Driver/Src/stm32f0xx_hal.o
                0x0000000008000774                HAL_Init
 .text.HAL_InitTick
                0x000000000800079c       0x70 Drivers/STM32F0xx_HAL_Driver/Src/stm32f0xx_hal.o
                0x000000000800079c                HAL_InitTick
 .text.HAL_IncTick
                0x000000000800080c       0x2c Drivers/STM32F0xx_HAL_Driver/Src/stm32f0xx_hal.o
                0x000000000800080c                HAL_IncTick
 .text.HAL_GetTick
                0x0000000008000838       0x18 Drivers/STM32F0xx_HAL_Driver/Src/stm32f0xx_hal.o
                0x0000000008000838                HAL_GetTick
 .text.__NVIC_EnableIRQ
                0x0000000008000850       0x34 Drivers/STM32F0xx_HAL_Driver/Src/stm32f0xx_hal_cortex.o
 .text.__NVIC_DisableIRQ
                0x0000000008000884       0x44 Drivers/STM32F0xx_HAL_Driver/Src/stm32f0xx_hal_cortex.o
 .text.__NVIC_SetPriority
                0x00000000080008c8       0xdc Drivers/STM32F0xx_HAL_Driver/Src/stm32f0xx_hal_cortex.o
 .text.SysTick_Config
                0x00000000080009a4       0x48 Drivers/STM32F0xx_HAL_Driver/Src/stm32f0xx_hal_cortex.o
 .text.HAL_NVIC_SetPriority
                0x00000000080009ec       0x2a Drivers/STM32F0xx_HAL_Driver/Src/stm32f0xx_hal_cortex.o
                0x00000000080009ec                HAL_NVIC_SetPriority
 .text.HAL_NVIC_EnableIRQ
                0x0000000008000a16       0x20 Drivers/STM32F0xx_HAL_Driver/Src/stm32f0xx_hal_cortex.o
                0x0000000008000a16                HAL_NVIC_EnableIRQ
 .text.HAL_NVIC_DisableIRQ
                0x0000000008000a36       0x20 Drivers/STM32F0xx_HAL_Driver/Src/stm32f0xx_hal_cortex.o
                0x0000000008000a36                HAL_NVIC_DisableIRQ
 .text.HAL_SYSTICK_Config
                0x0000000008000a56       0x1a Drivers/STM32F0xx_HAL_Driver/Src/stm32f0xx_hal_cortex.o
                0x0000000008000a56                HAL_SYSTICK_Config
 .text.HAL_GPIO_Init
                0x0000000008000a70      0x2e0 Drivers/STM32F0xx_HAL_Driver/Src/stm32f0xx_hal_gpio.o
                0x0000000008000a70                HAL_GPIO_Init
 .text.HAL_GPIO_WritePin
                0x0000000008000d50       0x3a Drivers/STM32F0xx_HAL_Driver/Src/stm32f0xx_hal_gpio.o
                0x0000000008000d50                HAL_GPIO_WritePin
 .text.HAL_GPIO_TogglePin
                0x0000000008000d8a       0x36 Drivers/STM32F0xx_HAL_Driver/Src/stm32f0xx_hal_gpio.o
                0x0000000008000d8a                HAL_GPIO_TogglePin
 .text.HAL_RCC_OscConfig
                0x0000000008000dc0      0x63c Drivers/STM32F0xx_HAL_Driver/Src/stm32f0xx_hal_rcc.o
                0x0000000008000dc0                HAL_RCC_OscConfig
 .text.HAL_RCC_ClockConfig
                0x00000000080013fc      0x1a4 Drivers/STM32F0xx_HAL_Driver/Src/stm32f0xx_hal_rcc.o
                0x00000000080013fc                HAL_RCC_ClockConfig
 .text.HAL_RCC_GetSysClockFreq
                0x00000000080015a0       0xd4 Drivers/STM32F0xx_HAL_Driver/Src/stm32f0xx_hal_rcc.o
                0x00000000080015a0                HAL_RCC_GetSysClockFreq
 .text.HAL_TIM_Base_Init
                0x0000000008001674       0xa0 Drivers/STM32F0xx_HAL_Driver/Src/stm32f0xx_hal_tim.o
                0x0000000008001674                HAL_TIM_Base_Init
 .text.HAL_TIM_Base_DeInit
                0x0000000008001714       0xac Drivers/STM32F0xx_HAL_Driver/Src/stm32f0xx_hal_tim.o
                0x0000000008001714                HAL_TIM_Base_DeInit
 .text.HAL_TIM_Base_Start_IT
                0x00000000080017c0       0x98 Drivers/STM32F0xx_HAL_Driver/Src/stm32f0xx_hal_tim.o
                0x00000000080017c0                HAL_TIM_Base_Start_IT
 .text.HAL_TIM_IRQHandler
                0x0000000008001858      0x22c Drivers/STM32F0xx_HAL_Driver/Src/stm32f0xx_hal_tim.o
                0x0000000008001858                HAL_TIM_IRQHandler
 .text.HAL_TIM_OC_DelayElapsedCallback
                0x0000000008001a84       0x10 Drivers/STM32F0xx_HAL_Driver/Src/stm32f0xx_hal_tim.o
                0x0000000008001a84                HAL_TIM_OC_DelayElapsedCallback
 .text.HAL_TIM_IC_CaptureCallback
                0x0000000008001a94       0x10 Drivers/STM32F0xx_HAL_Driver/Src/stm32f0xx_hal_tim.o
                0x0000000008001a94                HAL_TIM_IC_CaptureCallback
 .text.HAL_TIM_PWM_PulseFinishedCallback
                0x0000000008001aa4       0x10 Drivers/STM32F0xx_HAL_Driver/Src/stm32f0xx_hal_tim.o
                0x0000000008001aa4                HAL_TIM_PWM_PulseFinishedCallback
 .text.HAL_TIM_TriggerCallback
                0x0000000008001ab4       0x10 Drivers/STM32F0xx_HAL_Driver/Src/stm32f0xx_hal_tim.o
                0x0000000008001ab4                HAL_TIM_TriggerCallback
 .text.TIM_Base_SetConfig
                0x0000000008001ac4       0xec Drivers/STM32F0xx_HAL_Driver/Src/stm32f0xx_hal_tim.o
                0x0000000008001ac4                TIM_Base_SetConfig
 .text.HAL_TIMEx_CommutCallback
                0x0000000008001bb0       0x10 Drivers/STM32F0xx_HAL_Driver/Src/stm32f0xx_hal_tim_ex.o
                0x0000000008001bb0                HAL_TIMEx_CommutCallback
 .text.HAL_TIMEx_BreakCallback
                0x0000000008001bc0       0x10 Drivers/STM32F0xx_HAL_Driver/Src/stm32f0xx_hal_tim_ex.o
                0x0000000008001bc0                HAL_TIMEx_BreakCallback
 .text.memset   0x0000000008001bd0       0x10 c:/st/stm32cubeide_1.6.1/stm32cubeide/plugins/com.st.stm32cube.ide.mcu.externaltools.gnu-tools-for-stm32.9-2020-q2-update.win32_1.5.0.202011040924/tools/bin/../lib/gcc/arm-none-eabi/9.3.1/../../../../arm-none-eabi/lib/thumb/v6-m/nofp\libc_nano.a(lib_a-memset.o)
                0x0000000008001bd0                memset
 *(.glue_7)
 .glue_7        0x0000000008001be0        0x0 linker stubs
 *(.glue_7t)
 .glue_7t       0x0000000008001be0        0x0 linker stubs
 *(.eh_frame)
 .eh_frame      0x0000000008001be0        0x0 c:/st/stm32cubeide_1.6.1/stm32cubeide/plugins/com.st.stm32cube.ide.mcu.externaltools.gnu-tools-for-stm32.9-2020-q2-update.win32_1.5.0.202011040924/tools/bin/../lib/gcc/arm-none-eabi/9.3.1/thumb/v6-m/nofp/crtbegin.o
 *(.init)
 .init          0x0000000008001be0        0x4 c:/st/stm32cubeide_1.6.1/stm32cubeide/plugins/com.st.stm32cube.ide.mcu.externaltools.gnu-tools-for-stm32.9-2020-q2-update.win32_1.5.0.202011040924/tools/bin/../lib/gcc/arm-none-eabi/9.3.1/thumb/v6-m/nofp/crti.o
                0x0000000008001be0                _init
 .init          0x0000000008001be4        0x8 c:/st/stm32cubeide_1.6.1/stm32cubeide/plugins/com.st.stm32cube.ide.mcu.externaltools.gnu-tools-for-stm32.9-2020-q2-update.win32_1.5.0.202011040924/tools/bin/../lib/gcc/arm-none-eabi/9.3.1/thumb/v6-m/nofp/crtn.o
 *(.fini)
 .fini          0x0000000008001bec        0x4 c:/st/stm32cubeide_1.6.1/stm32cubeide/plugins/com.st.stm32cube.ide.mcu.externaltools.gnu-tools-for-stm32.9-2020-q2-update.win32_1.5.0.202011040924/tools/bin/../lib/gcc/arm-none-eabi/9.3.1/thumb/v6-m/nofp/crti.o
                0x0000000008001bec                _fini
 .fini          0x0000000008001bf0        0x8 c:/st/stm32cubeide_1.6.1/stm32cubeide/plugins/com.st.stm32cube.ide.mcu.externaltools.gnu-tools-for-stm32.9-2020-q2-update.win32_1.5.0.202011040924/tools/bin/../lib/gcc/arm-none-eabi/9.3.1/thumb/v6-m/nofp/crtn.o
                0x0000000008001bf8                . = ALIGN (0x4)
                0x0000000008001bf8                _etext = .

.vfp11_veneer   0x0000000008001bf8        0x0
 .vfp11_veneer  0x0000000008001bf8        0x0 linker stubs

.v4_bx          0x0000000008001bf8        0x0
 .v4_bx         0x0000000008001bf8        0x0 linker stubs

.iplt           0x0000000008001bf8        0x0
 .iplt          0x0000000008001bf8        0x0 c:/st/stm32cubeide_1.6.1/stm32cubeide/plugins/com.st.stm32cube.ide.mcu.externaltools.gnu-tools-for-stm32.9-2020-q2-update.win32_1.5.0.202011040924/tools/bin/../lib/gcc/arm-none-eabi/9.3.1/thumb/v6-m/nofp/crtbegin.o

.rodata         0x0000000008001bf8       0x30
                0x0000000008001bf8                . = ALIGN (0x4)
 *(.rodata)
 .rodata        0x0000000008001bf8       0x20 Drivers/STM32F0xx_HAL_Driver/Src/stm32f0xx_hal_rcc.o
 *(.rodata*)
 .rodata.AHBPrescTable
                0x0000000008001c18       0x10 Core/Src/system_stm32f0xx.o
                0x0000000008001c18                AHBPrescTable
                0x0000000008001c28                . = ALIGN (0x4)

.rel.dyn        0x0000000008001c28        0x0
 .rel.iplt      0x0000000008001c28        0x0 c:/st/stm32cubeide_1.6.1/stm32cubeide/plugins/com.st.stm32cube.ide.mcu.externaltools.gnu-tools-for-stm32.9-2020-q2-update.win32_1.5.0.202011040924/tools/bin/../lib/gcc/arm-none-eabi/9.3.1/thumb/v6-m/nofp/crtbegin.o
 .rel.got       0x0000000008001c28        0x0 c:/st/stm32cubeide_1.6.1/stm32cubeide/plugins/com.st.stm32cube.ide.mcu.externaltools.gnu-tools-for-stm32.9-2020-q2-update.win32_1.5.0.202011040924/tools/bin/../lib/gcc/arm-none-eabi/9.3.1/thumb/v6-m/nofp/crtbegin.o

.ARM.extab      0x0000000008001c28        0x0
                0x0000000008001c28                . = ALIGN (0x4)
 *(.ARM.extab* .gnu.linkonce.armextab.*)
                0x0000000008001c28                . = ALIGN (0x4)

.ARM            0x0000000008001c28        0x0
                0x0000000008001c28                . = ALIGN (0x4)
                0x0000000008001c28                __exidx_start = .
 *(.ARM.exidx*)
                0x0000000008001c28                __exidx_end = .
                0x0000000008001c28                . = ALIGN (0x4)

.preinit_array  0x0000000008001c28        0x0
                0x0000000008001c28                . = ALIGN (0x4)
                0x0000000008001c28                PROVIDE (__preinit_array_start = .)
 *(.preinit_array*)
                0x0000000008001c28                PROVIDE (__preinit_array_end = .)
                0x0000000008001c28                . = ALIGN (0x4)

.init_array     0x0000000008001c28        0x4
                0x0000000008001c28                . = ALIGN (0x4)
                0x0000000008001c28                PROVIDE (__init_array_start = .)
 *(SORT_BY_NAME(.init_array.*))
 *(.init_array*)
 .init_array    0x0000000008001c28        0x4 c:/st/stm32cubeide_1.6.1/stm32cubeide/plugins/com.st.stm32cube.ide.mcu.externaltools.gnu-tools-for-stm32.9-2020-q2-update.win32_1.5.0.202011040924/tools/bin/../lib/gcc/arm-none-eabi/9.3.1/thumb/v6-m/nofp/crtbegin.o
                0x0000000008001c2c                PROVIDE (__init_array_end = .)
                0x0000000008001c2c                . = ALIGN (0x4)

.fini_array     0x0000000008001c2c        0x4
                0x0000000008001c2c                . = ALIGN (0x4)
                [!provide]                        PROVIDE (__fini_array_start = .)
 *(SORT_BY_NAME(.fini_array.*))
 *(.fini_array*)
 .fini_array    0x0000000008001c2c        0x4 c:/st/stm32cubeide_1.6.1/stm32cubeide/plugins/com.st.stm32cube.ide.mcu.externaltools.gnu-tools-for-stm32.9-2020-q2-update.win32_1.5.0.202011040924/tools/bin/../lib/gcc/arm-none-eabi/9.3.1/thumb/v6-m/nofp/crtbegin.o
                [!provide]                        PROVIDE (__fini_array_end = .)
                0x0000000008001c30                . = ALIGN (0x4)
                0x0000000008001c30                _sidata = LOADADDR (.data)

.data           0x00000000200000e0        0xc load address 0x0000000008001c30
                0x00000000200000e0                . = ALIGN (0x4)
                0x00000000200000e0                _sdata = .
 *(.data)
 *(.data*)
 .data.SystemCoreClock
                0x00000000200000e0        0x4 Core/Src/system_stm32f0xx.o
                0x00000000200000e0                SystemCoreClock
 .data.uwTickPrio
                0x00000000200000e4        0x4 Drivers/STM32F0xx_HAL_Driver/Src/stm32f0xx_hal.o
                0x00000000200000e4                uwTickPrio
 .data.uwTickFreq
                0x00000000200000e8        0x1 Drivers/STM32F0xx_HAL_Driver/Src/stm32f0xx_hal.o
                0x00000000200000e8                uwTickFreq
 *(.RamFunc)
 *(.RamFunc*)
                0x00000000200000ec                . = ALIGN (0x4)
 *fill*         0x00000000200000e9        0x3 
                0x00000000200000ec                _edata = .

.igot.plt       0x00000000200000ec        0x0 load address 0x0000000008001c3c
 .igot.plt      0x00000000200000ec        0x0 c:/st/stm32cubeide_1.6.1/stm32cubeide/plugins/com.st.stm32cube.ide.mcu.externaltools.gnu-tools-for-stm32.9-2020-q2-update.win32_1.5.0.202011040924/tools/bin/../lib/gcc/arm-none-eabi/9.3.1/thumb/v6-m/nofp/crtbegin.o

.got.plt        0x00000000200000ec        0xc load address 0x0000000008001c3c
 .got.plt       0x00000000200000ec        0xc c:/st/stm32cubeide_1.6.1/stm32cubeide/plugins/com.st.stm32cube.ide.mcu.externaltools.gnu-tools-for-stm32.9-2020-q2-update.win32_1.5.0.202011040924/tools/bin/../lib/gcc/arm-none-eabi/9.3.1/thumb/v6-m/nofp/crtbegin.o
                0x00000000200000ec                _GLOBAL_OFFSET_TABLE_
                0x00000000200000f8                . = ALIGN (0x4)

.bss            0x00000000200000f8       0x74 load address 0x0000000008001c48
                0x00000000200000f8                _sbss = .
                0x00000000200000f8                __bss_start__ = _sbss
 *(.bss)
 .bss           0x00000000200000f8       0x1c c:/st/stm32cubeide_1.6.1/stm32cubeide/plugins/com.st.stm32cube.ide.mcu.externaltools.gnu-tools-for-stm32.9-2020-q2-update.win32_1.5.0.202011040924/tools/bin/../lib/gcc/arm-none-eabi/9.3.1/thumb/v6-m/nofp/crtbegin.o
 *(.bss*)
 *(COMMON)
 COMMON         0x0000000020000114        0xc Core/Src/image_info.o
                0x0000000020000114                gu32FirmwareAbsPosition
                0x0000000020000118                gu32FirmwareAbsOffsetChecksum
                0x000000002000011c                gu32FirmwareOffset
 COMMON         0x0000000020000120       0x48 Core/Src/main.o
                0x0000000020000120                htim16
 COMMON         0x0000000020000168        0x4 Drivers/STM32F0xx_HAL_Driver/Src/stm32f0xx_hal.o
                0x0000000020000168                uwTick
                0x000000002000016c                . = ALIGN (0x4)
                0x000000002000016c                _ebss = .
                0x000000002000016c                __bss_end__ = _ebss

._user_heap_stack
                0x000000002000016c      0x604 load address 0x0000000008001c48
                0x0000000020000170                . = ALIGN (0x8)
 *fill*         0x000000002000016c        0x4 
                [!provide]                        PROVIDE (end = .)
                0x0000000020000170                PROVIDE (_end = .)
                0x0000000020000370                . = (. + _Min_Heap_Size)
 *fill*         0x0000000020000170      0x200 
                0x0000000020000770                . = (. + _Min_Stack_Size)
 *fill*         0x0000000020000370      0x400 
                0x0000000020000770                . = ALIGN (0x8)

/DISCARD/
 libc.a(*)
 libm.a(*)
 libgcc.a(*)

.ARM.attributes
                0x0000000000000000       0x28
 *(.ARM.attributes)
 .ARM.attributes
                0x0000000000000000       0x1e c:/st/stm32cubeide_1.6.1/stm32cubeide/plugins/com.st.stm32cube.ide.mcu.externaltools.gnu-tools-for-stm32.9-2020-q2-update.win32_1.5.0.202011040924/tools/bin/../lib/gcc/arm-none-eabi/9.3.1/thumb/v6-m/nofp/crti.o
 .ARM.attributes
                0x000000000000001e       0x2c c:/st/stm32cubeide_1.6.1/stm32cubeide/plugins/com.st.stm32cube.ide.mcu.externaltools.gnu-tools-for-stm32.9-2020-q2-update.win32_1.5.0.202011040924/tools/bin/../lib/gcc/arm-none-eabi/9.3.1/thumb/v6-m/nofp/crtbegin.o
 .ARM.attributes
                0x000000000000004a       0x31 Core/Src/image_info.o
 .ARM.attributes
                0x000000000000007b       0x2c Core/Src/main.o
 .ARM.attributes
                0x00000000000000a7       0x2c Core/Src/stm32f0xx_hal_msp.o
 .ARM.attributes
                0x00000000000000d3       0x2c Core/Src/stm32f0xx_it.o
 .ARM.attributes
                0x00000000000000ff       0x2c Core/Src/system_stm32f0xx.o
 .ARM.attributes
                0x000000000000012b       0x21 Core/Startup/startup_stm32f070rbtx.o
 .ARM.attributes
                0x000000000000014c       0x2c Drivers/STM32F0xx_HAL_Driver/Src/stm32f0xx_hal.o
 .ARM.attributes
                0x0000000000000178       0x2c Drivers/STM32F0xx_HAL_Driver/Src/stm32f0xx_hal_cortex.o
 .ARM.attributes
                0x00000000000001a4       0x2c Drivers/STM32F0xx_HAL_Driver/Src/stm32f0xx_hal_gpio.o
 .ARM.attributes
                0x00000000000001d0       0x2c Drivers/STM32F0xx_HAL_Driver/Src/stm32f0xx_hal_rcc.o
 .ARM.attributes
                0x00000000000001fc       0x2c Drivers/STM32F0xx_HAL_Driver/Src/stm32f0xx_hal_tim.o
 .ARM.attributes
                0x0000000000000228       0x2c Drivers/STM32F0xx_HAL_Driver/Src/stm32f0xx_hal_tim_ex.o
 .ARM.attributes
                0x0000000000000254       0x2c c:/st/stm32cubeide_1.6.1/stm32cubeide/plugins/com.st.stm32cube.ide.mcu.externaltools.gnu-tools-for-stm32.9-2020-q2-update.win32_1.5.0.202011040924/tools/bin/../lib/gcc/arm-none-eabi/9.3.1/../../../../arm-none-eabi/lib/thumb/v6-m/nofp\libc_nano.a(lib_a-memset.o)
 .ARM.attributes
                0x0000000000000280       0x1e c:/st/stm32cubeide_1.6.1/stm32cubeide/plugins/com.st.stm32cube.ide.mcu.externaltools.gnu-tools-for-stm32.9-2020-q2-update.win32_1.5.0.202011040924/tools/bin/../lib/gcc/arm-none-eabi/9.3.1/thumb/v6-m/nofp\libgcc.a(_udivsi3.o)
 .ARM.attributes
                0x000000000000029e       0x1e c:/st/stm32cubeide_1.6.1/stm32cubeide/plugins/com.st.stm32cube.ide.mcu.externaltools.gnu-tools-for-stm32.9-2020-q2-update.win32_1.5.0.202011040924/tools/bin/../lib/gcc/arm-none-eabi/9.3.1/thumb/v6-m/nofp\libgcc.a(_dvmd_tls.o)
 .ARM.attributes
                0x00000000000002bc       0x1e c:/st/stm32cubeide_1.6.1/stm32cubeide/plugins/com.st.stm32cube.ide.mcu.externaltools.gnu-tools-for-stm32.9-2020-q2-update.win32_1.5.0.202011040924/tools/bin/../lib/gcc/arm-none-eabi/9.3.1/thumb/v6-m/nofp/crtn.o
OUTPUT(F070RB_Firmware_anywhere.elf elf32-littlearm)
LOAD linker stubs
LOAD c:/st/stm32cubeide_1.6.1/stm32cubeide/plugins/com.st.stm32cube.ide.mcu.externaltools.gnu-tools-for-stm32.9-2020-q2-update.win32_1.5.0.202011040924/tools/bin/../lib/gcc/arm-none-eabi/9.3.1/../../../../arm-none-eabi/lib/thumb/v6-m/nofp\libc.a
LOAD c:/st/stm32cubeide_1.6.1/stm32cubeide/plugins/com.st.stm32cube.ide.mcu.externaltools.gnu-tools-for-stm32.9-2020-q2-update.win32_1.5.0.202011040924/tools/bin/../lib/gcc/arm-none-eabi/9.3.1/../../../../arm-none-eabi/lib/thumb/v6-m/nofp\libm.a
LOAD c:/st/stm32cubeide_1.6.1/stm32cubeide/plugins/com.st.stm32cube.ide.mcu.externaltools.gnu-tools-for-stm32.9-2020-q2-update.win32_1.5.0.202011040924/tools/bin/../lib/gcc/arm-none-eabi/9.3.1/thumb/v6-m/nofp\libgcc.a

.debug_info     0x0000000000000000     0x7cde
 .debug_info    0x0000000000000000       0xce Core/Src/image_info.o
 .debug_info    0x00000000000000ce      0xb87 Core/Src/main.o
 .debug_info    0x0000000000000c55      0x92c Core/Src/stm32f0xx_hal_msp.o
 .debug_info    0x0000000000001581      0x740 Core/Src/stm32f0xx_it.o
 .debug_info    0x0000000000001cc1      0x357 Core/Src/system_stm32f0xx.o
 .debug_info    0x0000000000002018       0x22 Core/Startup/startup_stm32f070rbtx.o
 .debug_info    0x000000000000203a      0x6ee Drivers/STM32F0xx_HAL_Driver/Src/stm32f0xx_hal.o
 .debug_info    0x0000000000002728      0x7d0 Drivers/STM32F0xx_HAL_Driver/Src/stm32f0xx_hal_cortex.o
 .debug_info    0x0000000000002ef8      0x6d9 Drivers/STM32F0xx_HAL_Driver/Src/stm32f0xx_hal_gpio.o
 .debug_info    0x00000000000035d1      0x88d Drivers/STM32F0xx_HAL_Driver/Src/stm32f0xx_hal_rcc.o
 .debug_info    0x0000000000003e5e     0x2a17 Drivers/STM32F0xx_HAL_Driver/Src/stm32f0xx_hal_tim.o
 .debug_info    0x0000000000006875     0x1469 Drivers/STM32F0xx_HAL_Driver/Src/stm32f0xx_hal_tim_ex.o

.debug_abbrev   0x0000000000000000     0x153a
 .debug_abbrev  0x0000000000000000       0x5a Core/Src/image_info.o
 .debug_abbrev  0x000000000000005a      0x246 Core/Src/main.o
 .debug_abbrev  0x00000000000002a0      0x1c8 Core/Src/stm32f0xx_hal_msp.o
 .debug_abbrev  0x0000000000000468      0x187 Core/Src/stm32f0xx_it.o
 .debug_abbrev  0x00000000000005ef      0x169 Core/Src/system_stm32f0xx.o
 .debug_abbrev  0x0000000000000758       0x12 Core/Startup/startup_stm32f070rbtx.o
 .debug_abbrev  0x000000000000076a      0x21e Drivers/STM32F0xx_HAL_Driver/Src/stm32f0xx_hal.o
 .debug_abbrev  0x0000000000000988      0x2a9 Drivers/STM32F0xx_HAL_Driver/Src/stm32f0xx_hal_cortex.o
 .debug_abbrev  0x0000000000000c31      0x1e8 Drivers/STM32F0xx_HAL_Driver/Src/stm32f0xx_hal_gpio.o
 .debug_abbrev  0x0000000000000e19      0x23b Drivers/STM32F0xx_HAL_Driver/Src/stm32f0xx_hal_rcc.o
 .debug_abbrev  0x0000000000001054      0x26f Drivers/STM32F0xx_HAL_Driver/Src/stm32f0xx_hal_tim.o
 .debug_abbrev  0x00000000000012c3      0x277 Drivers/STM32F0xx_HAL_Driver/Src/stm32f0xx_hal_tim_ex.o

.debug_aranges  0x0000000000000000      0x8c8
 .debug_aranges
                0x0000000000000000       0x18 Core/Src/image_info.o
 .debug_aranges
                0x0000000000000018       0x48 Core/Src/main.o
 .debug_aranges
                0x0000000000000060       0x30 Core/Src/stm32f0xx_hal_msp.o
 .debug_aranges
                0x0000000000000090       0x48 Core/Src/stm32f0xx_it.o
 .debug_aranges
                0x00000000000000d8       0x28 Core/Src/system_stm32f0xx.o
 .debug_aranges
                0x0000000000000100       0x28 Core/Startup/startup_stm32f070rbtx.o
 .debug_aranges
                0x0000000000000128       0xd0 Drivers/STM32F0xx_HAL_Driver/Src/stm32f0xx_hal.o
 .debug_aranges
                0x00000000000001f8       0xc0 Drivers/STM32F0xx_HAL_Driver/Src/stm32f0xx_hal_cortex.o
 .debug_aranges
                0x00000000000002b8       0x58 Drivers/STM32F0xx_HAL_Driver/Src/stm32f0xx_hal_gpio.o
 .debug_aranges
                0x0000000000000310       0x80 Drivers/STM32F0xx_HAL_Driver/Src/stm32f0xx_hal_rcc.o
 .debug_aranges
                0x0000000000000390      0x3d0 Drivers/STM32F0xx_HAL_Driver/Src/stm32f0xx_hal_tim.o
 .debug_aranges
                0x0000000000000760      0x168 Drivers/STM32F0xx_HAL_Driver/Src/stm32f0xx_hal_tim_ex.o

.debug_macro    0x0000000000000000     0xf6b6
 .debug_macro   0x0000000000000000       0x6d Core/Src/image_info.o
 .debug_macro   0x000000000000006d      0xa8a Core/Src/image_info.o
 .debug_macro   0x0000000000000af7       0x22 Core/Src/image_info.o
 .debug_macro   0x0000000000000b19       0x8e Core/Src/image_info.o
 .debug_macro   0x0000000000000ba7       0x51 Core/Src/image_info.o
 .debug_macro   0x0000000000000bf8      0x103 Core/Src/image_info.o
 .debug_macro   0x0000000000000cfb       0x6a Core/Src/image_info.o
 .debug_macro   0x0000000000000d65      0x1df Core/Src/image_info.o
 .debug_macro   0x0000000000000f44      0x1bd Core/Src/main.o
 .debug_macro   0x0000000000001101      0x12d Core/Src/main.o
 .debug_macro   0x000000000000122e       0x2e Core/Src/main.o
 .debug_macro   0x000000000000125c       0x22 Core/Src/main.o
 .debug_macro   0x000000000000127e       0x1c Core/Src/main.o
 .debug_macro   0x000000000000129a       0x22 Core/Src/main.o
 .debug_macro   0x00000000000012bc       0xb5 Core/Src/main.o
 .debug_macro   0x0000000000001371      0x391 Core/Src/main.o
 .debug_macro   0x0000000000001702     0x764e Core/Src/main.o
 .debug_macro   0x0000000000008d50       0x3c Core/Src/main.o
 .debug_macro   0x0000000000008d8c     0x3461 Core/Src/main.o
 .debug_macro   0x000000000000c1ed      0x174 Core/Src/main.o
 .debug_macro   0x000000000000c361       0x55 Core/Src/main.o
 .debug_macro   0x000000000000c3b6      0x924 Core/Src/main.o
 .debug_macro   0x000000000000ccda      0x289 Core/Src/main.o
 .debug_macro   0x000000000000cf63      0x12f Core/Src/main.o
 .debug_macro   0x000000000000d092      0x130 Core/Src/main.o
 .debug_macro   0x000000000000d1c2      0x1a0 Core/Src/main.o
 .debug_macro   0x000000000000d362      0x1f4 Core/Src/main.o
 .debug_macro   0x000000000000d556       0x34 Core/Src/main.o
 .debug_macro   0x000000000000d58a       0x43 Core/Src/main.o
 .debug_macro   0x000000000000d5cd       0x28 Core/Src/main.o
 .debug_macro   0x000000000000d5f5       0xb0 Core/Src/main.o
 .debug_macro   0x000000000000d6a5      0x217 Core/Src/main.o
 .debug_macro   0x000000000000d8bc      0x22c Core/Src/main.o
 .debug_macro   0x000000000000dae8       0x60 Core/Src/main.o
 .debug_macro   0x000000000000db48       0xa5 Core/Src/main.o
 .debug_macro   0x000000000000dbed       0x4c Core/Src/main.o
 .debug_macro   0x000000000000dc39       0x49 Core/Src/main.o
 .debug_macro   0x000000000000dc82      0x8d8 Core/Src/main.o
 .debug_macro   0x000000000000e55a       0x28 Core/Src/main.o
 .debug_macro   0x000000000000e582      0x11b Core/Src/main.o
 .debug_macro   0x000000000000e69d       0x64 Core/Src/main.o
 .debug_macro   0x000000000000e701      0x1bd Core/Src/stm32f0xx_hal_msp.o
 .debug_macro   0x000000000000e8be      0x1c7 Core/Src/stm32f0xx_it.o
 .debug_macro   0x000000000000ea85      0x1ae Core/Src/system_stm32f0xx.o
 .debug_macro   0x000000000000ec33      0x1d2 Drivers/STM32F0xx_HAL_Driver/Src/stm32f0xx_hal.o
 .debug_macro   0x000000000000ee05      0x1ae Drivers/STM32F0xx_HAL_Driver/Src/stm32f0xx_hal_cortex.o
 .debug_macro   0x000000000000efb3      0x1e6 Drivers/STM32F0xx_HAL_Driver/Src/stm32f0xx_hal_gpio.o
 .debug_macro   0x000000000000f199      0x1c0 Drivers/STM32F0xx_HAL_Driver/Src/stm32f0xx_hal_rcc.o
 .debug_macro   0x000000000000f359      0x1af Drivers/STM32F0xx_HAL_Driver/Src/stm32f0xx_hal_tim.o
 .debug_macro   0x000000000000f508      0x1ae Drivers/STM32F0xx_HAL_Driver/Src/stm32f0xx_hal_tim_ex.o

.debug_line     0x0000000000000000     0x9bab
 .debug_line    0x0000000000000000      0x394 Core/Src/image_info.o
 .debug_line    0x0000000000000394      0x7ad Core/Src/main.o
 .debug_line    0x0000000000000b41      0x6eb Core/Src/stm32f0xx_hal_msp.o
 .debug_line    0x000000000000122c      0x72c Core/Src/stm32f0xx_it.o
 .debug_line    0x0000000000001958      0x745 Core/Src/system_stm32f0xx.o
 .debug_line    0x000000000000209d      0x136 Core/Startup/startup_stm32f070rbtx.o
 .debug_line    0x00000000000021d3      0x92a Drivers/STM32F0xx_HAL_Driver/Src/stm32f0xx_hal.o
 .debug_line    0x0000000000002afd      0x9d6 Drivers/STM32F0xx_HAL_Driver/Src/stm32f0xx_hal_cortex.o
 .debug_line    0x00000000000034d3      0xab1 Drivers/STM32F0xx_HAL_Driver/Src/stm32f0xx_hal_gpio.o
 .debug_line    0x0000000000003f84      0xd1a Drivers/STM32F0xx_HAL_Driver/Src/stm32f0xx_hal_rcc.o
 .debug_line    0x0000000000004c9e     0x3527 Drivers/STM32F0xx_HAL_Driver/Src/stm32f0xx_hal_tim.o
 .debug_line    0x00000000000081c5     0x19e6 Drivers/STM32F0xx_HAL_Driver/Src/stm32f0xx_hal_tim_ex.o

.debug_str      0x0000000000000000    0x6023c
 .debug_str     0x0000000000000000     0x3b41 Core/Src/image_info.o
                                       0x3ca5 (size before relaxing)
 .debug_str     0x0000000000003b41    0x5a751 Core/Src/main.o
                                      0x5e53c (size before relaxing)
 .debug_str     0x000000000005e292      0x19c Core/Src/stm32f0xx_hal_msp.o
                                      0x5e4cf (size before relaxing)
 .debug_str     0x000000000005e42e       0x87 Core/Src/stm32f0xx_it.o
                                      0x5e2ff (size before relaxing)
 .debug_str     0x000000000005e4b5       0x81 Core/Src/system_stm32f0xx.o
                                      0x5dd11 (size before relaxing)
 .debug_str     0x000000000005e536       0x36 Core/Startup/startup_stm32f070rbtx.o
                                         0x6b (size before relaxing)
 .debug_str     0x000000000005e56c      0x313 Drivers/STM32F0xx_HAL_Driver/Src/stm32f0xx_hal.o
                                      0x5e20f (size before relaxing)
 .debug_str     0x000000000005e87f      0x204 Drivers/STM32F0xx_HAL_Driver/Src/stm32f0xx_hal_cortex.o
                                      0x5e0c7 (size before relaxing)
 .debug_str     0x000000000005ea83      0x1f7 Drivers/STM32F0xx_HAL_Driver/Src/stm32f0xx_hal_gpio.o
                                      0x5df82 (size before relaxing)
 .debug_str     0x000000000005ec7a      0x240 Drivers/STM32F0xx_HAL_Driver/Src/stm32f0xx_hal_rcc.o
                                      0x5e0f0 (size before relaxing)
 .debug_str     0x000000000005eeba      0xe21 Drivers/STM32F0xx_HAL_Driver/Src/stm32f0xx_hal_tim.o
                                      0x5f09a (size before relaxing)
 .debug_str     0x000000000005fcdb      0x561 Drivers/STM32F0xx_HAL_Driver/Src/stm32f0xx_hal_tim_ex.o
                                      0x5e874 (size before relaxing)

.comment        0x0000000000000000       0x53
 .comment       0x0000000000000000       0x53 Core/Src/image_info.o
                                         0x54 (size before relaxing)
 .comment       0x0000000000000053       0x54 Core/Src/main.o
 .comment       0x0000000000000053       0x54 Core/Src/stm32f0xx_hal_msp.o
 .comment       0x0000000000000053       0x54 Core/Src/stm32f0xx_it.o
 .comment       0x0000000000000053       0x54 Core/Src/system_stm32f0xx.o
 .comment       0x0000000000000053       0x54 Drivers/STM32F0xx_HAL_Driver/Src/stm32f0xx_hal.o
 .comment       0x0000000000000053       0x54 Drivers/STM32F0xx_HAL_Driver/Src/stm32f0xx_hal_cortex.o
 .comment       0x0000000000000053       0x54 Drivers/STM32F0xx_HAL_Driver/Src/stm32f0xx_hal_gpio.o
 .comment       0x0000000000000053       0x54 Drivers/STM32F0xx_HAL_Driver/Src/stm32f0xx_hal_rcc.o
 .comment       0x0000000000000053       0x54 Drivers/STM32F0xx_HAL_Driver/Src/stm32f0xx_hal_tim.o
 .comment       0x0000000000000053       0x54 Drivers/STM32F0xx_HAL_Driver/Src/stm32f0xx_hal_tim_ex.o

.debug_ranges   0x0000000000000000      0x808
 .debug_ranges  0x0000000000000000       0x38 Core/Src/main.o
 .debug_ranges  0x0000000000000038       0x20 Core/Src/stm32f0xx_hal_msp.o
 .debug_ranges  0x0000000000000058       0x38 Core/Src/stm32f0xx_it.o
 .debug_ranges  0x0000000000000090       0x18 Core/Src/system_stm32f0xx.o
 .debug_ranges  0x00000000000000a8       0x20 Core/Startup/startup_stm32f070rbtx.o
 .debug_ranges  0x00000000000000c8       0xc0 Drivers/STM32F0xx_HAL_Driver/Src/stm32f0xx_hal.o
 .debug_ranges  0x0000000000000188       0xb0 Drivers/STM32F0xx_HAL_Driver/Src/stm32f0xx_hal_cortex.o
 .debug_ranges  0x0000000000000238       0x48 Drivers/STM32F0xx_HAL_Driver/Src/stm32f0xx_hal_gpio.o
 .debug_ranges  0x0000000000000280       0x70 Drivers/STM32F0xx_HAL_Driver/Src/stm32f0xx_hal_rcc.o
 .debug_ranges  0x00000000000002f0      0x3c0 Drivers/STM32F0xx_HAL_Driver/Src/stm32f0xx_hal_tim.o
 .debug_ranges  0x00000000000006b0      0x158 Drivers/STM32F0xx_HAL_Driver/Src/stm32f0xx_hal_tim_ex.o

.debug_frame    0x0000000000000000     0x1ed0
 .debug_frame   0x0000000000000000       0xcc Core/Src/main.o
 .debug_frame   0x00000000000000cc       0x70 Core/Src/stm32f0xx_hal_msp.o
 .debug_frame   0x000000000000013c       0xb8 Core/Src/stm32f0xx_it.o
 .debug_frame   0x00000000000001f4       0x4c Core/Src/system_stm32f0xx.o
 .debug_frame   0x0000000000000240      0x2a8 Drivers/STM32F0xx_HAL_Driver/Src/stm32f0xx_hal.o
 .debug_frame   0x00000000000004e8      0x2a0 Drivers/STM32F0xx_HAL_Driver/Src/stm32f0xx_hal_cortex.o
 .debug_frame   0x0000000000000788      0x110 Drivers/STM32F0xx_HAL_Driver/Src/stm32f0xx_hal_gpio.o
 .debug_frame   0x0000000000000898      0x1a0 Drivers/STM32F0xx_HAL_Driver/Src/stm32f0xx_hal_rcc.o
 .debug_frame   0x0000000000000a38      0xefc Drivers/STM32F0xx_HAL_Driver/Src/stm32f0xx_hal_tim.o
 .debug_frame   0x0000000000001934      0x55c Drivers/STM32F0xx_HAL_Driver/Src/stm32f0xx_hal_tim_ex.o
 .debug_frame   0x0000000000001e90       0x20 c:/st/stm32cubeide_1.6.1/stm32cubeide/plugins/com.st.stm32cube.ide.mcu.externaltools.gnu-tools-for-stm32.9-2020-q2-update.win32_1.5.0.202011040924/tools/bin/../lib/gcc/arm-none-eabi/9.3.1/../../../../arm-none-eabi/lib/thumb/v6-m/nofp\libc_nano.a(lib_a-memset.o)
 .debug_frame   0x0000000000001eb0       0x20 c:/st/stm32cubeide_1.6.1/stm32cubeide/plugins/com.st.stm32cube.ide.mcu.externaltools.gnu-tools-for-stm32.9-2020-q2-update.win32_1.5.0.202011040924/tools/bin/../lib/gcc/arm-none-eabi/9.3.1/thumb/v6-m/nofp\libgcc.a(_udivsi3.o)
